Archive member included to satisfy reference by file (symbol)

C:/ST/STM32CubeIDE_1.19.0/STM32CubeIDE/plugins/com.st.stm32cube.ide.mcu.externaltools.gnu-tools-for-stm32.13.3.rel1.win32_1.0.0.202411081344/tools/bin/../lib/gcc/arm-none-eabi/13.3.1/../../../../arm-none-eabi/lib/thumb/v7e-m+fp/hard\libc_nano.a(libc_a-exit.o)
                              C:/ST/STM32CubeIDE_1.19.0/STM32CubeIDE/plugins/com.st.stm32cube.ide.mcu.externaltools.gnu-tools-for-stm32.13.3.rel1.win32_1.0.0.202411081344/tools/bin/../lib/gcc/arm-none-eabi/13.3.1/../../../../arm-none-eabi/lib/thumb/v7e-m+fp/hard/crt0.o (exit)
C:/ST/STM32CubeIDE_1.19.0/STM32CubeIDE/plugins/com.st.stm32cube.ide.mcu.externaltools.gnu-tools-for-stm32.13.3.rel1.win32_1.0.0.202411081344/tools/bin/../lib/gcc/arm-none-eabi/13.3.1/../../../../arm-none-eabi/lib/thumb/v7e-m+fp/hard\libc_nano.a(libc_a-findfp.o)
                              C:/ST/STM32CubeIDE_1.19.0/STM32CubeIDE/plugins/com.st.stm32cube.ide.mcu.externaltools.gnu-tools-for-stm32.13.3.rel1.win32_1.0.0.202411081344/tools/bin/../lib/gcc/arm-none-eabi/13.3.1/../../../../arm-none-eabi/lib/thumb/v7e-m+fp/hard\libc_nano.a(libc_a-exit.o) (__stdio_exit_handler)
C:/ST/STM32CubeIDE_1.19.0/STM32CubeIDE/plugins/com.st.stm32cube.ide.mcu.externaltools.gnu-tools-for-stm32.13.3.rel1.win32_1.0.0.202411081344/tools/bin/../lib/gcc/arm-none-eabi/13.3.1/../../../../arm-none-eabi/lib/thumb/v7e-m+fp/hard\libc_nano.a(libc_a-fwalk.o)
                              C:/ST/STM32CubeIDE_1.19.0/STM32CubeIDE/plugins/com.st.stm32cube.ide.mcu.externaltools.gnu-tools-for-stm32.13.3.rel1.win32_1.0.0.202411081344/tools/bin/../lib/gcc/arm-none-eabi/13.3.1/../../../../arm-none-eabi/lib/thumb/v7e-m+fp/hard\libc_nano.a(libc_a-findfp.o) (_fwalk_sglue)
C:/ST/STM32CubeIDE_1.19.0/STM32CubeIDE/plugins/com.st.stm32cube.ide.mcu.externaltools.gnu-tools-for-stm32.13.3.rel1.win32_1.0.0.202411081344/tools/bin/../lib/gcc/arm-none-eabi/13.3.1/../../../../arm-none-eabi/lib/thumb/v7e-m+fp/hard\libc_nano.a(libc_a-stdio.o)
                              C:/ST/STM32CubeIDE_1.19.0/STM32CubeIDE/plugins/com.st.stm32cube.ide.mcu.externaltools.gnu-tools-for-stm32.13.3.rel1.win32_1.0.0.202411081344/tools/bin/../lib/gcc/arm-none-eabi/13.3.1/../../../../arm-none-eabi/lib/thumb/v7e-m+fp/hard\libc_nano.a(libc_a-findfp.o) (__sread)
C:/ST/STM32CubeIDE_1.19.0/STM32CubeIDE/plugins/com.st.stm32cube.ide.mcu.externaltools.gnu-tools-for-stm32.13.3.rel1.win32_1.0.0.202411081344/tools/bin/../lib/gcc/arm-none-eabi/13.3.1/../../../../arm-none-eabi/lib/thumb/v7e-m+fp/hard\libc_nano.a(libc_a-memset.o)
                              C:/ST/STM32CubeIDE_1.19.0/STM32CubeIDE/plugins/com.st.stm32cube.ide.mcu.externaltools.gnu-tools-for-stm32.13.3.rel1.win32_1.0.0.202411081344/tools/bin/../lib/gcc/arm-none-eabi/13.3.1/../../../../arm-none-eabi/lib/thumb/v7e-m+fp/hard/crt0.o (memset)
C:/ST/STM32CubeIDE_1.19.0/STM32CubeIDE/plugins/com.st.stm32cube.ide.mcu.externaltools.gnu-tools-for-stm32.13.3.rel1.win32_1.0.0.202411081344/tools/bin/../lib/gcc/arm-none-eabi/13.3.1/../../../../arm-none-eabi/lib/thumb/v7e-m+fp/hard\libc_nano.a(libc_a-closer.o)
                              C:/ST/STM32CubeIDE_1.19.0/STM32CubeIDE/plugins/com.st.stm32cube.ide.mcu.externaltools.gnu-tools-for-stm32.13.3.rel1.win32_1.0.0.202411081344/tools/bin/../lib/gcc/arm-none-eabi/13.3.1/../../../../arm-none-eabi/lib/thumb/v7e-m+fp/hard\libc_nano.a(libc_a-stdio.o) (_close_r)
C:/ST/STM32CubeIDE_1.19.0/STM32CubeIDE/plugins/com.st.stm32cube.ide.mcu.externaltools.gnu-tools-for-stm32.13.3.rel1.win32_1.0.0.202411081344/tools/bin/../lib/gcc/arm-none-eabi/13.3.1/../../../../arm-none-eabi/lib/thumb/v7e-m+fp/hard\libc_nano.a(libc_a-reent.o)
                              C:/ST/STM32CubeIDE_1.19.0/STM32CubeIDE/plugins/com.st.stm32cube.ide.mcu.externaltools.gnu-tools-for-stm32.13.3.rel1.win32_1.0.0.202411081344/tools/bin/../lib/gcc/arm-none-eabi/13.3.1/../../../../arm-none-eabi/lib/thumb/v7e-m+fp/hard\libc_nano.a(libc_a-closer.o) (errno)
C:/ST/STM32CubeIDE_1.19.0/STM32CubeIDE/plugins/com.st.stm32cube.ide.mcu.externaltools.gnu-tools-for-stm32.13.3.rel1.win32_1.0.0.202411081344/tools/bin/../lib/gcc/arm-none-eabi/13.3.1/../../../../arm-none-eabi/lib/thumb/v7e-m+fp/hard\libc_nano.a(libc_a-impure.o)
                              C:/ST/STM32CubeIDE_1.19.0/STM32CubeIDE/plugins/com.st.stm32cube.ide.mcu.externaltools.gnu-tools-for-stm32.13.3.rel1.win32_1.0.0.202411081344/tools/bin/../lib/gcc/arm-none-eabi/13.3.1/../../../../arm-none-eabi/lib/thumb/v7e-m+fp/hard\libc_nano.a(libc_a-reent.o) (_impure_ptr)
C:/ST/STM32CubeIDE_1.19.0/STM32CubeIDE/plugins/com.st.stm32cube.ide.mcu.externaltools.gnu-tools-for-stm32.13.3.rel1.win32_1.0.0.202411081344/tools/bin/../lib/gcc/arm-none-eabi/13.3.1/../../../../arm-none-eabi/lib/thumb/v7e-m+fp/hard\libc_nano.a(libc_a-lseekr.o)
[...]
Memory Configuration

Name             Origin             Length             Attributes
CCMRAM           0x10000000         0x00010000         xrw
RAM              0x20000000         0x00020000         xrw
FLASH            0x08000000         0x00100000         xr
*default*        0x00000000         0xffffffff

Linker script and memory map

LOAD C:/ST/STM32CubeIDE_1.19.0/STM32CubeIDE/plugins/com.st.stm32cube.ide.mcu.externaltools.gnu-tools-for-stm32.13.3.rel1.win32_1.0.0.202411081344/tools/bin/../lib/gcc/arm-none-eabi/13.3.1/thumb/v7e-m+fp/hard/crti.o
LOAD C:/ST/STM32CubeIDE_1.19.0/STM32CubeIDE/plugins/com.st.stm32cube.ide.mcu.externaltools.gnu-tools-for-stm32.13.3.rel1.win32_1.0.0.202411081344/tools/bin/../lib/gcc/arm-none-eabi/13.3.1/thumb/v7e-m+fp/hard/crtbegin.o
LOAD C:/ST/STM32CubeIDE_1.19.0/STM32CubeIDE/plugins/com.st.stm32cube.ide.mcu.externaltools.gnu-tools-for-stm32.13.3.rel1.win32_1.0.0.202411081344/tools/bin/../lib/gcc/arm-none-eabi/13.3.1/../../../../arm-none-eabi/lib/thumb/v7e-m+fp/hard/crt0.o
LOAD ./App/src/APP_feature.o
LOAD ./App/src/app_main.o
LOAD ./Services/src/STM32_ADC.o
LOAD ./Services/src/STM32_GPIO.o
LOAD ./Services/src/STM32_GPT.o
LOAD ./Services/src/STM32_NVIC.o
LOAD ./Services/src/STM32_RCC.o
LOAD ./Src/syscalls.o
LOAD ./Src/sysmem.o
LOAD ./Startup/startup_stm32f407vgtx.o
START GROUP
LOAD C:/ST/STM32CubeIDE_1.19.0/STM32CubeIDE/plugins/com.st.stm32cube.ide.mcu.externaltools.gnu-tools-for-stm32.13.3.rel1.win32_1.0.0.202411081344/tools/bin/../lib/gcc/arm-none-eabi/13.3.1/../../../../arm-none-eabi/lib/thumb/v7e-m+fp/hard\libc_nano.a
LOAD C:/ST/STM32CubeIDE_1.19.0/STM32CubeIDE/plugins/com.st.stm32cube.ide.mcu.externaltools.gnu-tools-for-stm32.13.3.rel1.win32_1.0.0.202411081344/tools/bin/../lib/gcc/arm-none-eabi/13.3.1/../../../../arm-none-eabi/lib/thumb/v7e-m+fp/hard\libm.a
END GROUP
START GROUP
LOAD C:/ST/STM32CubeIDE_1.19.0/STM32CubeIDE/plugins/com.st.stm32cube.ide.mcu.externaltools.gnu-tools-for-stm32.13.3.rel1.win32_1.0.0.202411081344/tools/bin/../lib/gcc/arm-none-eabi/13.3.1/thumb/v7e-m+fp/hard\libgcc.a
LOAD C:/ST/STM32CubeIDE_1.19.0/STM32CubeIDE/plugins/com.st.stm32cube.ide.mcu.externaltools.gnu-tools-for-stm32.13.3.rel1.win32_1.0.0.202411081344/tools/bin/../lib/gcc/arm-none-eabi/13.3.1/../../../../arm-none-eabi/lib/thumb/v7e-m+fp/hard\libc_nano.a
END GROUP
START GROUP
LOAD C:/ST/STM32CubeIDE_1.19.0/STM32CubeIDE/plugins/com.st.stm32cube.ide.mcu.externaltools.gnu-tools-for-stm32.13.3.rel1.win32_1.0.0.202411081344/tools/bin/../lib/gcc/arm-none-eabi/13.3.1/thumb/v7e-m+fp/hard\libgcc.a
LOAD C:/ST/STM32CubeIDE_1.19.0/STM32CubeIDE/plugins/com.st.stm32cube.ide.mcu.externaltools.gnu-tools-for-stm32.13.3.rel1.win32_1.0.0.202411081344/tools/bin/../lib/gcc/arm-none-eabi/13.3.1/../../../../arm-none-eabi/lib/thumb/v7e-m+fp/hard\libc_nano.a
LOAD C:/ST/STM32CubeIDE_1.19.0/STM32CubeIDE/plugins/com.st.stm32cube.ide.mcu.externaltools.gnu-tools-for-stm32.13.3.rel1.win32_1.0.0.202411081344/tools/bin/../lib/gcc/arm-none-eabi/13.3.1/../../../../arm-none-eabi/lib/thumb/v7e-m+fp/hard\libnosys.a
END GROUP
START GROUP
LOAD C:/ST/STM32CubeIDE_1.19.0/STM32CubeIDE/plugins/com.st.stm32cube.ide.mcu.externaltools.gnu-tools-for-stm32.13.3.rel1.win32_1.0.0.202411081344/tools/bin/../lib/gcc/arm-none-eabi/13.3.1/thumb/v7e-m+fp/hard\libgcc.a
LOAD C:/ST/STM32CubeIDE_1.19.0/STM32CubeIDE/plugins/com.st.stm32cube.ide.mcu.externaltools.gnu-tools-for-stm32.13.3.rel1.win32_1.0.0.202411081344/tools/bin/../lib/gcc/arm-none-eabi/13.3.1/../../../../arm-none-eabi/lib/thumb/v7e-m+fp/hard\libc_nano.a
LOAD C:/ST/STM32CubeIDE_1.19.0/STM32CubeIDE/plugins/com.st.stm32cube.ide.mcu.externaltools.gnu-tools-for-stm32.13.3.rel1.win32_1.0.0.202411081344/tools/bin/../lib/gcc/arm-none-eabi/13.3.1/../../../../arm-none-eabi/lib/thumb/v7e-m+fp/hard\libnosys.a
END GROUP
LOAD C:/ST/STM32CubeIDE_1.19.0/STM32CubeIDE/plugins/com.st.stm32cube.ide.mcu.externaltools.gnu-tools-for-stm32.13.3.rel1.win32_1.0.0.202411081344/tools/bin/../lib/gcc/arm-none-eabi/13.3.1/thumb/v7e-m+fp/hard/crtend.o
LOAD C:/ST/STM32CubeIDE_1.19.0/STM32CubeIDE/plugins/com.st.stm32cube.ide.mcu.externaltools.gnu-tools-for-stm32.13.3.rel1.win32_1.0.0.202411081344/tools/bin/../lib/gcc/arm-none-eabi/13.3.1/thumb/v7e-m+fp/hard/crtn.o
                0x20020000                        _estack = (ORIGIN (RAM) + LENGTH (RAM))
                0x00000200                        _Min_Heap_Size = 0x200
                0x00000400                        _Min_Stack_Size = 0x400

.isr_vector     0x08000000      0x188
                0x08000000                        . = ALIGN (0x4)
 *(.isr_vector)
 .isr_vector    0x08000000      0x188 ./Startup/startup_stm32f407vgtx.o
                0x08000000                g_pfnVectors
                0x08000188                        . = ALIGN (0x4)

.text           0x08000188      0x438
                0x08000188                        . = ALIGN (0x4)
 *(.text)
 .text          0x08000188       0x40 C:/ST/STM32CubeIDE_1.19.0/STM32CubeIDE/plugins/com.st.stm32cube.ide.mcu.externaltools.gnu-tools-for-stm32.13.3.rel1.win32_1.0.0.202411081344/tools/bin/../lib/gcc/arm-none-eabi/13.3.1/thumb/v7e-m+fp/hard/crtbegin.o
 *(.text*)
 .text.fade_led_program
                0x080001c8       0x84 ./App/src/APP_feature.o
                0x080001c8                fade_led_program
 .text.service_init
                0x0800024c       0x16 ./App/src/app_main.o
                0x0800024c                service_init
 .text.app_init
                0x08000262        0xe ./App/src/app_main.o
                0x08000262                app_init
 .text.main     0x08000270       0x18 ./App/src/app_main.o
                0x08000270                main
 .text.adc_init_common
                0x08000288       0x60 ./Services/src/STM32_ADC.o
                0x08000288                adc_init_common
 .text.adc1_init
                0x080002e8       0x8c ./Services/src/STM32_ADC.o
                0x080002e8                adc1_init
 .text.fill_adc_value
                0x08000374       0x30 ./Services/src/STM32_ADC.o
                0x08000374                fill_adc_value
 .text.pin_operations
                0x080003a4       0x70 ./Services/src/STM32_GPIO.o
                0x080003a4                pin_operations
 .text.TIM2_IRQHandler
                0x08000414       0xa0 ./Services/src/STM32_NVIC.o
                0x08000414                TIM2_IRQHandler
 .text.TIM4_IRQHandler
                0x080004b4       0x28 ./Services/src/STM32_NVIC.o
                0x080004b4                TIM4_IRQHandler
 .text.rcc_init
                0x080004dc       0x30 ./Services/src/STM32_RCC.o
                0x080004dc                rcc_init
 .text.Reset_Handler
                0x0800050c       0x50 ./Startup/startup_stm32f407vgtx.o
                0x0800050c                Reset_Handler
 .text.Default_Handler
                0x0800055c        0x2 ./Startup/startup_stm32f407vgtx.o
                0x0800055c                RTC_Alarm_IRQHandler
                0x0800055c                HASH_RNG_IRQHandler
                0x0800055c                EXTI2_IRQHandler
                0x0800055c                TIM8_CC_IRQHandler
                0x0800055c                DebugMon_Handler
                0x0800055c                TIM1_CC_IRQHandler
                0x0800055c                DMA2_Stream5_IRQHandler
                0x0800055c                HardFault_Handler
                0x0800055c                DMA1_Stream5_IRQHandler
                0x0800055c                SysTick_Handler
                0x0800055c                PVD_IRQHandler
                0x0800055c                SDIO_IRQHandler
                0x0800055c                TAMP_STAMP_IRQHandler
                0x0800055c                PendSV_Handler
                0x0800055c                NMI_Handler
                0x0800055c                CAN2_RX1_IRQHandler
                0x0800055c                EXTI3_IRQHandler
                0x0800055c                TIM8_TRG_COM_TIM14_IRQHandler
                0x0800055c                TIM1_UP_TIM10_IRQHandler
                0x0800055c                TIM8_UP_TIM13_IRQHandler
                0x0800055c                I2C3_ER_IRQHandler
                0x0800055c                EXTI0_IRQHandler
                0x0800055c                I2C2_EV_IRQHandler
                0x0800055c                DMA1_Stream2_IRQHandler
                0x0800055c                CAN1_RX0_IRQHandler
                0x0800055c                FPU_IRQHandler
                0x0800055c                OTG_HS_WKUP_IRQHandler
                0x0800055c                UsageFault_Handler
                0x0800055c                CAN2_SCE_IRQHandler
                0x0800055c                DMA2_Stream2_IRQHandler
                0x0800055c                SPI1_IRQHandler
                0x0800055c                TIM6_DAC_IRQHandler
                0x0800055c                TIM1_BRK_TIM9_IRQHandler
                0x0800055c                DCMI_IRQHandler
                0x0800055c                CAN2_RX0_IRQHandler
                0x0800055c                DMA2_Stream3_IRQHandler
                0x0800055c                USART6_IRQHandler
                0x0800055c                USART3_IRQHandler
                0x0800055c                CRYP_IRQHandler
                0x0800055c                CAN1_RX1_IRQHandler
                0x0800055c                UART5_IRQHandler
                0x0800055c                DMA2_Stream0_IRQHandler
                0x0800055c                I2C1_EV_IRQHandler
                0x0800055c                DMA1_Stream6_IRQHandler
                0x0800055c                DMA1_Stream1_IRQHandler
                0x0800055c                UART4_IRQHandler
                0x0800055c                TIM3_IRQHandler
                0x0800055c                RCC_IRQHandler
                0x0800055c                TIM8_BRK_TIM12_IRQHandler
                0x0800055c                Default_Handler
                0x0800055c                EXTI15_10_IRQHandler
                0x0800055c                ADC_IRQHandler
                0x0800055c                DMA1_Stream7_IRQHandler
                0x0800055c                TIM7_IRQHandler
                0x0800055c                CAN2_TX_IRQHandler
                0x0800055c                TIM5_IRQHandler
                0x0800055c                DMA2_Stream7_IRQHandler
                0x0800055c                I2C3_EV_IRQHandler
                0x0800055c                EXTI9_5_IRQHandler
                0x0800055c                RTC_WKUP_IRQHandler
                0x0800055c                ETH_WKUP_IRQHandler
                0x0800055c                SPI2_IRQHandler
                0x0800055c                OTG_HS_EP1_IN_IRQHandler
                0x0800055c                MemManage_Handler
                0x0800055c                DMA1_Stream0_IRQHandler
                0x0800055c                CAN1_TX_IRQHandler
                0x0800055c                SVC_Handler
                0x0800055c                EXTI4_IRQHandler
                0x0800055c                FSMC_IRQHandler
                0x0800055c                ETH_IRQHandler
                0x0800055c                OTG_HS_EP1_OUT_IRQHandler
                0x0800055c                WWDG_IRQHandler
                0x0800055c                OTG_FS_WKUP_IRQHandler
                0x0800055c                TIM1_TRG_COM_TIM11_IRQHandler
                0x0800055c                OTG_HS_IRQHandler
                0x0800055c                EXTI1_IRQHandler
                0x0800055c                USART2_IRQHandler
                0x0800055c                I2C2_ER_IRQHandler
                0x0800055c                DMA2_Stream1_IRQHandler
                0x0800055c                CAN1_SCE_IRQHandler
                0x0800055c                DMA2_Stream4_IRQHandler
                0x0800055c                BusFault_Handler
                0x0800055c                USART1_IRQHandler
                0x0800055c                OTG_FS_IRQHandler
                0x0800055c                SPI3_IRQHandler
                0x0800055c                DMA1_Stream4_IRQHandler
                0x0800055c                I2C1_ER_IRQHandler
                0x0800055c                DMA2_Stream6_IRQHandler
                0x0800055c                DMA1_Stream3_IRQHandler
 *fill*         0x0800055e        0x2 
 .text.__libc_init_array
                0x08000560       0x48 C:/ST/STM32CubeIDE_1.19.0/STM32CubeIDE/plugins/com.st.stm32cube.ide.mcu.externaltools.gnu-tools-for-stm32.13.3.rel1.win32_1.0.0.202411081344/tools/bin/../lib/gcc/arm-none-eabi/13.3.1/../../../../arm-none-eabi/lib/thumb/v7e-m+fp/hard\libc_nano.a(libc_a-init.o)
                0x08000560                __libc_init_array
 *(.glue_7)
 .glue_7        0x080005a8        0x0 linker stubs
 *(.glue_7t)
 .glue_7t       0x080005a8        0x0 linker stubs
 *(.eh_frame)
 .eh_frame      0x080005a8        0x0 C:/ST/STM32CubeIDE_1.19.0/STM32CubeIDE/plugins/com.st.stm32cube.ide.mcu.externaltools.gnu-tools-for-stm32.13.3.rel1.win32_1.0.0.202411081344/tools/bin/../lib/gcc/arm-none-eabi/13.3.1/thumb/v7e-m+fp/hard/crtbegin.o
 *(.init)
 .init          0x080005a8        0x4 C:/ST/STM32CubeIDE_1.19.0/STM32CubeIDE/plugins/com.st.stm32cube.ide.mcu.externaltools.gnu-tools-for-stm32.13.3.rel1.win32_1.0.0.202411081344/tools/bin/../lib/gcc/arm-none-eabi/13.3.1/thumb/v7e-m+fp/hard/crti.o
                0x080005a8                _init
 .init          0x080005ac        0x8 C:/ST/STM32CubeIDE_1.19.0/STM32CubeIDE/plugins/com.st.stm32cube.ide.mcu.externaltools.gnu-tools-for-stm32.13.3.rel1.win32_1.0.0.202411081344/tools/bin/../lib/gcc/arm-none-eabi/13.3.1/thumb/v7e-m+fp/hard/crtn.o
 *(.fini)
 .fini          0x080005b4        0x4 C:/ST/STM32CubeIDE_1.19.0/STM32CubeIDE/plugins/com.st.stm32cube.ide.mcu.externaltools.gnu-tools-for-stm32.13.3.rel1.win32_1.0.0.202411081344/tools/bin/../lib/gcc/arm-none-eabi/13.3.1/thumb/v7e-m+fp/hard/crti.o
                0x080005b4                _fini
 .fini          0x080005b8        0x8 C:/ST/STM32CubeIDE_1.19.0/STM32CubeIDE/plugins/com.st.stm32cube.ide.mcu.externaltools.gnu-tools-for-stm32.13.3.rel1.win32_1.0.0.202411081344/tools/bin/../lib/gcc/arm-none-eabi/13.3.1/thumb/v7e-m+fp/hard/crtn.o
                0x080005c0                        . = ALIGN (0x4)
                0x080005c0                        _etext = .

.vfp11_veneer   0x080005c0        0x0
 .vfp11_veneer  0x080005c0        0x0 linker stubs

.v4_bx          0x080005c0        0x0
 .v4_bx         0x080005c0        0x0 linker stubs

.iplt           0x080005c0        0x0
 .iplt          0x080005c0        0x0 C:/ST/STM32CubeIDE_1.19.0/STM32CubeIDE/plugins/com.st.stm32cube.ide.mcu.externaltools.gnu-tools-for-stm32.13.3.rel1.win32_1.0.0.202411081344/tools/bin/../lib/gcc/arm-none-eabi/13.3.1/thumb/v7e-m+fp/hard/crtbegin.o

.rodata         0x080005c0        0x0
                0x080005c0                        . = ALIGN (0x4)
 *(.rodata)
 *(.rodata*)
                0x080005c0                        . = ALIGN (0x4)

.ARM.extab      0x080005c0        0x0
                0x080005c0                        . = ALIGN (0x4)
 *(.ARM.extab* .gnu.linkonce.armextab.*)
                0x080005c0                        . = ALIGN (0x4)

.ARM            0x080005c0        0x0
                0x080005c0                        . = ALIGN (0x4)
                0x080005c0                        __exidx_start = .
 *(.ARM.exidx*)
                0x080005c0                        __exidx_end = .
                0x080005c0                        . = ALIGN (0x4)

.preinit_array  0x080005c0        0x0
                0x080005c0                        . = ALIGN (0x4)
                0x080005c0                        PROVIDE (__preinit_array_start = .)
 *(.preinit_array*)
                0x080005c0                        PROVIDE (__preinit_array_end = .)
                0x080005c0                        . = ALIGN (0x4)

.init_array     0x080005c0        0x4
                0x080005c0                        . = ALIGN (0x4)
                0x080005c0                        PROVIDE (__init_array_start = .)
 *(SORT_BY_NAME(.init_array.*))
 *(.init_array*)
 .init_array    0x080005c0        0x4 C:/ST/STM32CubeIDE_1.19.0/STM32CubeIDE/plugins/com.st.stm32cube.ide.mcu.externaltools.gnu-tools-for-stm32.13.3.rel1.win32_1.0.0.202411081344/tools/bin/../lib/gcc/arm-none-eabi/13.3.1/thumb/v7e-m+fp/hard/crtbegin.o
                0x080005c4                        PROVIDE (__init_array_end = .)
                0x080005c4                        . = ALIGN (0x4)

.fini_array     0x080005c4        0x4
                0x080005c4                        . = ALIGN (0x4)
                [!provide]                        PROVIDE (__fini_array_start = .)
 *(SORT_BY_NAME(.fini_array.*))
 *(.fini_array*)
 .fini_array    0x080005c4        0x4 C:/ST/STM32CubeIDE_1.19.0/STM32CubeIDE/plugins/com.st.stm32cube.ide.mcu.externaltools.gnu-tools-for-stm32.13.3.rel1.win32_1.0.0.202411081344/tools/bin/../lib/gcc/arm-none-eabi/13.3.1/thumb/v7e-m+fp/hard/crtbegin.o
                [!provide]                        PROVIDE (__fini_array_end = .)
                0x080005c8                        . = ALIGN (0x4)
                0x080005c8                        _sidata = LOADADDR (.data)

.rel.dyn        0x080005c8        0x0
 .rel.iplt      0x080005c8        0x0 C:/ST/STM32CubeIDE_1.19.0/STM32CubeIDE/plugins/com.st.stm32cube.ide.mcu.externaltools.gnu-tools-for-stm32.13.3.rel1.win32_1.0.0.202411081344/tools/bin/../lib/gcc/arm-none-eabi/13.3.1/thumb/v7e-m+fp/hard/crtbegin.o

.data           0x20000000        0x4 load address 0x080005c8
                0x20000000                        . = ALIGN (0x4)
                0x20000000                        _sdata = .
 *(.data)
 *(.data*)
 .data.upcounter
                0x20000000        0x1 ./App/src/APP_feature.o
                0x20000000                upcounter
 *(.RamFunc)
 *(.RamFunc*)
                0x20000004                        . = ALIGN (0x4)
 *fill*         0x20000001        0x3 
                0x20000004                        _edata = .
                0x080005cc                        _siccmram = LOADADDR (.ccmram)

.igot.plt       0x20000004        0x0 load address 0x080005cc
 .igot.plt      0x20000004        0x0 C:/ST/STM32CubeIDE_1.19.0/STM32CubeIDE/plugins/com.st.stm32cube.ide.mcu.externaltools.gnu-tools-for-stm32.13.3.rel1.win32_1.0.0.202411081344/tools/bin/../lib/gcc/arm-none-eabi/13.3.1/thumb/v7e-m+fp/hard/crtbegin.o

.ccmram         0x10000000        0x0 load address 0x080005cc
                0x10000000                        . = ALIGN (0x4)
                0x10000000                        _sccmram = .
 *(.ccmram)
 *(.ccmram*)
                0x10000000                        . = ALIGN (0x4)
                0x10000000                        _eccmram = .
                0x10000000                        . = ALIGN (0x4)

.bss            0x20000004       0x24
                0x20000004                        _sbss = .
                0x20000004                        __bss_start__ = _sbss
 *(.bss)
 .bss           0x20000004       0x1c C:/ST/STM32CubeIDE_1.19.0/STM32CubeIDE/plugins/com.st.stm32cube.ide.mcu.externaltools.gnu-tools-for-stm32.13.3.rel1.win32_1.0.0.202411081344/tools/bin/../lib/gcc/arm-none-eabi/13.3.1/thumb/v7e-m+fp/hard/crtbegin.o
 *(.bss*)
 .bss.adc_value
                0x20000020        0x2 ./App/src/app_main.o
                0x20000020                adc_value
 .bss.four_s_delay
                0x20000022        0x1 ./Services/src/STM32_NVIC.o
                0x20000022                four_s_delay
 .bss.eight_s_delay
                0x20000023        0x1 ./Services/src/STM32_NVIC.o
                0x20000023                eight_s_delay
 .bss.twelve_s_delay
                0x20000024        0x1 ./Services/src/STM32_NVIC.o
                0x20000024                twelve_s_delay
 *(COMMON)
                0x20000028                        . = ALIGN (0x4)
 *fill*         0x20000025        0x3 
                0x20000028                        _ebss = .
                0x20000028                        __bss_end__ = _ebss

._user_heap_stack
                0x20000028      0x600
                0x20000028                        . = ALIGN (0x8)
                [!provide]                        PROVIDE (end = .)
                0x20000028                        PROVIDE (_end = .)
                0x20000228                        . = (. + _Min_Heap_Size)
 *fill*         0x20000028      0x200 
                0x20000628                        . = (. + _Min_Stack_Size)
 *fill*         0x20000228      0x400 
                0x20000628                        . = ALIGN (0x8)

/DISCARD/
 libc.a(*)
 libm.a(*)
 libgcc.a(*)

.ARM.attributes
                0x00000000       0x30
 *(.ARM.attributes)
 .ARM.attributes
                0x00000000       0x22 C:/ST/STM32CubeIDE_1.19.0/STM32CubeIDE/plugins/com.st.stm32cube.ide.mcu.externaltools.gnu-tools-for-stm32.13.3.rel1.win32_1.0.0.202411081344/tools/bin/../lib/gcc/arm-none-eabi/13.3.1/thumb/v7e-m+fp/hard/crti.o
 .ARM.attributes
                0x00000022       0x34 C:/ST/STM32CubeIDE_1.19.0/STM32CubeIDE/plugins/com.st.stm32cube.ide.mcu.externaltools.gnu-tools-for-stm32.13.3.rel1.win32_1.0.0.202411081344/tools/bin/../lib/gcc/arm-none-eabi/13.3.1/thumb/v7e-m+fp/hard/crtbegin.o
 .ARM.attributes
                0x00000056       0x34 ./App/src/APP_feature.o
 .ARM.attributes
                0x0000008a       0x34 ./App/src/app_main.o
 .ARM.attributes
                0x000000be       0x34 ./Services/src/STM32_ADC.o
 .ARM.attributes
                0x000000f2       0x34 ./Services/src/STM32_GPIO.o
 .ARM.attributes
                0x00000126       0x34 ./Services/src/STM32_NVIC.o
 .ARM.attributes
                0x0000015a       0x34 ./Services/src/STM32_RCC.o
 .ARM.attributes
                0x0000018e       0x21 ./Startup/startup_stm32f407vgtx.o
 .ARM.attributes
                0x000001af       0x34 C:/ST/STM32CubeIDE_1.19.0/STM32CubeIDE/plugins/com.st.stm32cube.ide.mcu.externaltools.gnu-tools-for-stm32.13.3.rel1.win32_1.0.0.202411081344/tools/bin/../lib/gcc/arm-none-eabi/13.3.1/../../../../arm-none-eabi/lib/thumb/v7e-m+fp/hard\libc_nano.a(libc_a-init.o)
 .ARM.attributes
                0x000001e3       0x22 C:/ST/STM32CubeIDE_1.19.0/STM32CubeIDE/plugins/com.st.stm32cube.ide.mcu.externaltools.gnu-tools-for-stm32.13.3.rel1.win32_1.0.0.202411081344/tools/bin/../lib/gcc/arm-none-eabi/13.3.1/thumb/v7e-m+fp/hard/crtn.o
OUTPUT(1_Reading_temperature_ADC.elf elf32-littlearm)
LOAD linker stubs
LOAD C:/ST/STM32CubeIDE_1.19.0/STM32CubeIDE/plugins/com.st.stm32cube.ide.mcu.externaltools.gnu-tools-for-stm32.13.3.rel1.win32_1.0.0.202411081344/tools/bin/../lib/gcc/arm-none-eabi/13.3.1/../../../../arm-none-eabi/lib/thumb/v7e-m+fp/hard\libc.a
LOAD C:/ST/STM32CubeIDE_1.19.0/STM32CubeIDE/plugins/com.st.stm32cube.ide.mcu.externaltools.gnu-tools-for-stm32.13.3.rel1.win32_1.0.0.202411081344/tools/bin/../lib/gcc/arm-none-eabi/13.3.1/../../../../arm-none-eabi/lib/thumb/v7e-m+fp/hard\libm.a
LOAD C:/ST/STM32CubeIDE_1.19.0/STM32CubeIDE/plugins/com.st.stm32cube.ide.mcu.externaltools.gnu-tools-for-stm32.13.3.rel1.win32_1.0.0.202411081344/tools/bin/../lib/gcc/arm-none-eabi/13.3.1/thumb/v7e-m+fp/hard\libgcc.a

.debug_info     0x00000000      0xebd
 .debug_info    0x00000000      0x1d3 ./App/src/APP_feature.o
 .debug_info    0x000001d3      0x130 ./App/src/app_main.o
 .debug_info    0x00000303      0x41e ./Services/src/STM32_ADC.o
 .debug_info    0x00000721      0x1ad ./Services/src/STM32_GPIO.o
 .debug_info    0x000008ce      0x37f ./Services/src/STM32_NVIC.o
 .debug_info    0x00000c4d      0x240 ./Services/src/STM32_RCC.o
 .debug_info    0x00000e8d       0x30 ./Startup/startup_stm32f407vgtx.o

.debug_abbrev   0x00000000      0x547
 .debug_abbrev  0x00000000       0x9d ./App/src/APP_feature.o
 .debug_abbrev  0x0000009d       0xeb ./App/src/app_main.o
 .debug_abbrev  0x00000188       0xf0 ./Services/src/STM32_ADC.o
 .debug_abbrev  0x00000278       0xd1 ./Services/src/STM32_GPIO.o
 .debug_abbrev  0x00000349      0x138 ./Services/src/STM32_NVIC.o
 .debug_abbrev  0x00000481       0xa2 ./Services/src/STM32_RCC.o
 .debug_abbrev  0x00000523       0x24 ./Startup/startup_stm32f407vgtx.o

.debug_aranges  0x00000000      0x128
 .debug_aranges
                0x00000000       0x20 ./App/src/APP_feature.o
 .debug_aranges
                0x00000020       0x30 ./App/src/app_main.o
 .debug_aranges
                0x00000050       0x30 ./Services/src/STM32_ADC.o
 .debug_aranges
                0x00000080       0x30 ./Services/src/STM32_GPIO.o
 .debug_aranges
                0x000000b0       0x30 ./Services/src/STM32_NVIC.o
 .debug_aranges
                0x000000e0       0x20 ./Services/src/STM32_RCC.o
 .debug_aranges
                0x00000100       0x28 ./Startup/startup_stm32f407vgtx.o

.debug_rnglists
                0x00000000       0xc0
 .debug_rnglists
                0x00000000       0x14 ./App/src/APP_feature.o
 .debug_rnglists
                0x00000014       0x1f ./App/src/app_main.o
 .debug_rnglists
                0x00000033       0x20 ./Services/src/STM32_ADC.o
 .debug_rnglists
                0x00000053       0x21 ./Services/src/STM32_GPIO.o
 .debug_rnglists
                0x00000074       0x20 ./Services/src/STM32_NVIC.o
 .debug_rnglists
                0x00000094       0x13 ./Services/src/STM32_RCC.o
 .debug_rnglists
                0x000000a7       0x19 ./Startup/startup_stm32f407vgtx.o

.debug_macro    0x00000000     0x1540
 .debug_macro   0x00000000       0xa4 ./App/src/APP_feature.o
 .debug_macro   0x000000a4      0xae4 ./App/src/APP_feature.o
 .debug_macro   0x00000b88       0x22 ./App/src/APP_feature.o
 .debug_macro   0x00000baa       0x8e ./App/src/APP_feature.o
 .debug_macro   0x00000c38       0x51 ./App/src/APP_feature.o
 .debug_macro   0x00000c89      0x103 ./App/src/APP_feature.o
 .debug_macro   0x00000d8c       0x6a ./App/src/APP_feature.o
 .debug_macro   0x00000df6      0x1df ./App/src/APP_feature.o
 .debug_macro   0x00000fd5       0xb8 ./App/src/APP_feature.o
 .debug_macro   0x0000108d       0x40 ./App/src/APP_feature.o
 .debug_macro   0x000010cd       0x2e ./App/src/APP_feature.o
 .debug_macro   0x000010fb       0x2e ./App/src/APP_feature.o
 .debug_macro   0x00001129       0x40 ./App/src/APP_feature.o
 .debug_macro   0x00001169       0xae ./App/src/app_main.o
 .debug_macro   0x00001217       0x7b ./Services/src/STM32_ADC.o
 .debug_macro   0x00001292       0x3a ./Services/src/STM32_ADC.o
 .debug_macro   0x000012cc       0x72 ./Services/src/STM32_GPIO.o
 .debug_macro   0x0000133e       0xb2 ./Services/src/STM32_GPIO.o
 .debug_macro   0x000013f0       0x8e ./Services/src/STM32_NVIC.o
 .debug_macro   0x0000147e       0x28 ./Services/src/STM32_NVIC.o
 .debug_macro   0x000014a6       0x72 ./Services/src/STM32_RCC.o
 .debug_macro   0x00001518       0x28 ./Services/src/STM32_RCC.o

.debug_line     0x00000000     0x1fe7
 .debug_line    0x00000000      0x568 ./App/src/APP_feature.o
 .debug_line    0x00000568      0x554 ./App/src/app_main.o
 .debug_line    0x00000abc      0x522 ./Services/src/STM32_ADC.o
 .debug_line    0x00000fde      0x581 ./Services/src/STM32_GPIO.o
 .debug_line    0x0000155f      0x591 ./Services/src/STM32_NVIC.o
 .debug_line    0x00001af0      0x47c ./Services/src/STM32_RCC.o
 .debug_line    0x00001f6c       0x7b ./Startup/startup_stm32f407vgtx.o

.debug_str      0x00000000     0x48f5
 .debug_str     0x00000000     0x48f5 ./App/src/APP_feature.o
                               0x468f (size before relaxing)
 .debug_str     0x000048f5     0x4602 ./App/src/app_main.o
 .debug_str     0x000048f5     0x4212 ./Services/src/STM32_ADC.o
 .debug_str     0x000048f5     0x41ee ./Services/src/STM32_GPIO.o
 .debug_str     0x000048f5     0x44f8 ./Services/src/STM32_NVIC.o
 .debug_str     0x000048f5     0x3fcb ./Services/src/STM32_RCC.o
 .debug_str     0x000048f5       0x8a ./Startup/startup_stm32f407vgtx.o

.comment        0x00000000       0x43
 .comment       0x00000000       0x43 ./App/src/APP_feature.o
                                 0x44 (size before relaxing)
 .comment       0x00000043       0x44 ./App/src/app_main.o
 .comment       0x00000043       0x44 ./Services/src/STM32_ADC.o
 .comment       0x00000043       0x44 ./Services/src/STM32_GPIO.o
 .comment       0x00000043       0x44 ./Services/src/STM32_NVIC.o
 .comment       0x00000043       0x44 ./Services/src/STM32_RCC.o

.debug_frame    0x00000000      0x26c
 .debug_frame   0x00000000       0x30 ./App/src/APP_feature.o
 .debug_frame   0x00000030       0x68 ./App/src/app_main.o
 .debug_frame   0x00000098       0x80 ./Services/src/STM32_ADC.o
 .debug_frame   0x00000118       0x88 ./Services/src/STM32_GPIO.o
 .debug_frame   0x000001a0       0x70 ./Services/src/STM32_NVIC.o
 .debug_frame   0x00000210       0x30 ./Services/src/STM32_RCC.o
 .debug_frame   0x00000240       0x2c C:/ST/STM32CubeIDE_1.19.0/STM32CubeIDE/plugins/com.st.stm32cube.ide.mcu.externaltools.gnu-tools-for-stm32.13.3.rel1.win32_1.0.0.202411081344/tools/bin/../lib/gcc/arm-none-eabi/13.3.1/../../../../arm-none-eabi/lib/thumb/v7e-m+fp/hard\libc_nano.a(libc_a-init.o)

.debug_line_str
                0x00000000       0x6e
 .debug_line_str
                0x00000000       0x6e ./Startup/startup_stm32f407vgtx.o
