16:53:31 **** Incremental Build of configuration Debug for project 001HelloWorld ****
make -j12 all 
arm-none-eabi-size  001HelloWorld.elf 
   text	   data	    bss	    dec	    hex	filename
   3436	     92	   1900	   5428	   1534	001HelloWorld.elf
Finished building: default.size.stdout
 
16:53:47 **** Incremental Build of configuration Debug for project 001HelloWorld ****
make -j12 all 
arm-none-eabi-size  001HelloWorld.elf 
   text	   data	    bss	    dec	    hex	filename
   3436	     92	   1900	   5428	   1534	001HelloWorld.elf
Finished building: default.size.stdout
 
